// Jest Snapshot v1, https://goo.gl/fbAQLP

exports[`Link changes the class when hovered 1`] = `
.c0 {
  color: red;
}

<h1
  className="c0"
>
  Hello World
</h1>
`;
